#status
  %s == :registered

#available?
  %s == false

#registered?
  %s == true


#created_on
  %s %CLASS{time}
  %s %TIME{2003-11-10}

#updated_on
  %s raise_error(Whois::AttributeNotSupported)

#expires_on
  %s raise_error(Whois::AttributeNotSupported)


#nameservers
  %s raise_error(Whois::AttributeNotSupported)
