#domain
  %s == "u34jedzcq.be"


#status
  %s == :available

#available?
  %s == true

#registered?
  %s == false


#created_on
  %s == nil

#updated_on
  %s %ERROR{AttributeNotSupported}

#expires_on
  %s %ERROR{AttributeNotSupported}


#registrar
  %s == nil


#nameservers
  %s %CLASS{array}
  %s == []


#response_throttled?
  %s == false


#invalid?
  %s == false
