#nameservers
  %s %CLASS{array}
  %s %SIZE{4}
  %s[0] %CLASS{nameserver}
  %s[0].name == "ns1.hostgator.com.br"
  %s[0].ipv4 == "74.53.28.178"
  %s[1] %CLASS{nameserver}
  %s[1].name == "ns2.hostgator.com.br"
  %s[1].ipv4 == "74.53.28.179"
  %s[2] %CLASS{nameserver}
  %s[2].name == "ns3.hostgator.com.br"
  %s[2].ipv4 == "174.133.202.50"
  %s[3] %CLASS{nameserver}
  %s[3].name == "ns4.hostgator.com.br"
  %s[3].ipv4 == "174.133.202.51"
