#status
  %s == :registered

#available?
  %s == false

#registered?
  %s == true


#created_on
  %s %CLASS{time}
  %s %TIME{20110630}

#updated_on
  %s %CLASS{time}
  %s %TIME{20110630}

#expires_on
  %s %CLASS{time}
  %s %TIME{20120630}


#nameservers
  %s %CLASS{array}
  %s %SIZE{2}
  %s[0] %CLASS{nameserver}
  %s[0].name == "a.sec.dns.br"
  %s[1] %CLASS{nameserver}
  %s[1].name == "b.sec.dns.br"
