#status
  %s == :expired

#available?
  %s == false

#registered?
  %s == true


#created_on
  %s %CLASS{time}
  %s %TIME{04.07.2010 05:05:30}

#updated_on
  %s == nil

#expires_on
  %s %CLASS{time}
  %s %TIME{05.01.2011}


#nameservers
  %s %CLASS{array}
  %s %SIZE{2}
  %s[0] %CLASS{nameserver}
  %s[0].name == "ns1550.hostgator.com"
  %s[0].ipv4 == "174.132.145.195"
  %s[1] %CLASS{nameserver}
  %s[1].name == "ns1549.hostgator.com"
  %s[1].ipv4 == "174.132.145.194"
