#status
  %s == :available

#available?
  %s == true

#registered?
  %s == false


#created_on
  %s %ERROR{AttributeNotSupported}

#updated_on
  %s %ERROR{AttributeNotSupported}

#expires_on
  %s %ERROR{AttributeNotSupported}

#registrant_contacts
  %s %CLASS{array}
  %s == []

#admin_contacts
  %s %ERROR{AttributeNotSupported}

#technical_contacts
  %s %CLASS{array}
  %s == []

#nameservers
  %s %CLASS{array}
  %s == []
