#status
  %s == :registered

#available?
  %s == false

#registered?
  %s == true


#created_on
  %s %CLASS{time}
  %s %TIME{2008-08-30}

#updated_on
  %s %CLASS{time}
  %s %TIME{2012-02-09}

#expires_on
  %s %CLASS{time}
  %s %TIME{2010-08-30}


#registrar
  %s %CLASS{registrar}
  %s.id           == "KEY-SYSTEMS-DE"
  %s.name         == "Key-Systems GmbH"
  %s.name         == "Key-Systems GmbH"
  %s.url          == "http://www.Key-Systems.net"


#nameservers
  %s %CLASS{array}
  %s == []
