#nameservers
  %s %CLASS{array}
  %s %SIZE{4}
  %s[0] %CLASS{nameserver}
  %s[0].name == "ns1.serveriai.lt"
  %s[0].ipv4 == "79.98.25.142"
  %s[1] %CLASS{nameserver}
  %s[1].name == "ns2.serveriai.lt"
  %s[1].ipv4 == "174.36.250.192"
  %s[2] %CLASS{nameserver}
  %s[2].name == "ns3.serveriai.lt"
  %s[2].ipv4 == "79.98.29.142"
  %s[3] %CLASS{nameserver}
  %s[3].name == "ns4.serveriai.lt"
  %s[3].ipv4 == "67.228.39.192"
