#nameservers
  should: %s CLASS(array)
  should: %s SIZE(3)
  should: %s[0] CLASS(nameserver)
  should: %s[0].name == "ns.masterhost.ru"
  should: %s[0].ipv4 == "217.16.20.30"
  should: %s[1] CLASS(nameserver)
  should: %s[1].name == "ns1.masterhost.ru"
  should: %s[1].ipv4 == "217.16.16.30"
  should: %s[2] CLASS(nameserver)
  should: %s[2].name == "ns2.masterhost.ru"
  should: %s[2].ipv4 == "217.16.22.30"
