#status
  %s == :registered

#available?
  %s == false

#registered?
  %s == true


#created_on
  %s %CLASS{time}
  %s %TIME{2000-11-05 14:03:48 UTC}

#updated_on
  %s %CLASS{time}
  %s %TIME{2005-08-15 12:15:10}

#expires_on
  %s %ERROR{AttributeNotSupported}


#nameservers
  %s %CLASS{array}
  %s %SIZE{3}
  %s[0] %CLASS{nameserver}
  %s[0].name == "blade.wcic.co.za"
  %s[1] %CLASS{nameserver}
  %s[1].name == "sabertooth.wcic.co.za"
  %s[2] %CLASS{nameserver}
  %s[2].name == "ns2.iafrica.com"
