#status
  %s == :inactive

#available?
  %s == false

#registered?
  %s == true


#created_on
  %s %CLASS{time}
  %s %TIME{2005-11-21 15:21:32}

#updated_on
  %s %CLASS{time}
  %s %TIME{2006-06-08 21:54:41}

#expires_on
  %s %CLASS{time}
  %s %TIME{2010-11-21 15:21:32}


#nameservers
  %s %CLASS{array}
  %s %SIZE{2}
  %s[0] %CLASS{nameserver}
  %s[0].name == "ns10.tepuyserver.net"
  %s[1] %CLASS{nameserver}
  %s[1].name == "ns9.tepuyserver.net"
