#registrant_contacts
  should: %s CLASS(array)
  should: %s SIZE(1)
  should: %s[0] CLASS(contact)
  should: %s[0].type         == Whois::Record::Contact::TYPE_REGISTRANT
  should: %s[0].name         == "Appleford=2C Geoff"
  should: %s[0].email        == "geoff@4sightsport.com"
  should: %s[0].phone        == "+27.339400274"
  should: %s[0].fax          == ""
  should: %s[0].address      == "330 Gowrie Farm=2C Nottingham Road=2C South"
