#status
  should: %s == :inactive

#available?
  should: %s == false

#registered?
  should: %s == true


#created_on
  should: %s raise_error(Whois::PropertyNotSupported)

#updated_on
  should: %s raise_error(Whois::PropertyNotSupported)

#expires_on
  should: %s raise_error(Whois::PropertyNotSupported)


#nameservers
  should: %s CLASS(array)
  should: %s SIZE(0)
  should: %s == []
