#nameservers
  %s %CLASS{array}
  %s %SIZE{5}
  %s[0] %CLASS{nameserver}
  %s[0].name == "a.nic.eu"
  %s[1] %CLASS{nameserver}
  %s[1].name == "l.nic.eu"
  %s[2] %CLASS{nameserver}
  %s[2].name == "p.nic.eu"
  %s[3] %CLASS{nameserver}
  %s[3].name == "ns1.eurid.eu"
  %s[3].ipv4 == "91.220.191.220"
  %s[3].ipv6 == nil
  %s[4] %CLASS{nameserver}
  %s[4].name == "ns2.eurid.eu"
  %s[4].ipv4 == "195.234.53.220"
  %s[4].ipv6 == nil
