#status
  should: %s == :reserved

#available?
  should: %s == false

#registered?
  should: %s == true


#created_on
  should: %s == nil

#updated_on
  should: %s be_a(Time)
  should: %s == Time.parse("2001-02-21 00:00:00")

#expires_on
  should: %s == nil


#nameservers
  should: %s be_a(Array)
  should: %s == []
