#domain
  %s == "google.bo"

#domain_id
  %s %ERROR{AttributeNotSupported}


#status
  %s == :registered

#available?
  %s == false

#registered?
  %s == true


#created_on
  %s %CLASS{time}
  %s %TIME{2006-08-22}

#updated_on
  %s %ERROR{AttributeNotSupported}

#expires_on
  %s %CLASS{time}
  %s %TIME{2014-08-22}


#nameservers
  %s %ERROR{AttributeNotSupported}
