#status
  %s == ["ok"]

#available?
  %s == false

#registered?
  %s == true


#created_on
  %s %CLASS{time}
  %s %TIME{2002-01-31 22:12:44 UTC}

#updated_on
  %s %CLASS{time}
  %s %TIME{2012-01-04 18:30:54 UTC}

#expires_on
  %s %CLASS{time}
  %s %TIME{2017-01-31 22:12:44 UTC}


#nameservers
  %s %CLASS{array}
  %s %SIZE{2}
  %s[0] %CLASS{nameserver}
  %s[0].name == "ns1.calgarycoop.net"
  %s[1] %CLASS{nameserver}
  %s[1].name == "ns2.calgarycoop.net"
