#status
  %s == :registered

#available?
  %s == false

#registered?
  %s == true


#created_on
  %s %CLASS{time}
  %s %TIME{2011-06-15 14:54:00}

#updated_on
  %s %CLASS{time}
  %s %TIME{2011-06-15 14:54:00}

#expires_on
  %s %ERROR{AttributeNotSupported}


#nameservers
  %s %CLASS{array}
  %s %SIZE{1}
  %s[0] %CLASS{nameserver}
  %s[0].name == "dns1-tl.brunet.bn"
