#status
  %s == :available

#available?
  %s be_truthy

#registered?
  %s be_falsey


#created_on
  %s == nil

#updated_on
  %s == nil

#expires_on
  %s == nil


#registrar
  %s == nil


#registrant_contacts
  %s == []


#nameservers
  %s %CLASS{array}
  %s == []


#valid?
  %s be_truthy

#invalid?
  %s be_falsey
