#status
  %s == :registered

#available?
  %s == false

#registered?
  %s == true


#created_on
  %s %CLASS{time}
  %s %TIME{2002-03-29 22:03:53 UTC}

#updated_on
  %s %CLASS{time}
  %s %TIME{2002-03-29 22:03:53 UTC}

#expires_on
  %s %ERROR{AttributeNotSupported}


#nameservers
  %s %CLASS{array}
  %s %SIZE{2}
  %s[0] %CLASS{nameserver}
  %s[0].name == "ns3.zoneedit.com"
  %s[1] %CLASS{nameserver}
  %s[1].name == "ns5.zoneedit.com"
