#status
  should: %s == :invalid

#available?
  should: %s == false

#registered?
  should: %s == false


#created_on
  should: %s == nil

#updated_on
  should: %s == nil

#expires_on
  should: %s == nil


#nameservers
  should: %s CLASS(array)
  should: %s == []


#valid?
  should: %s == false

#invalid?
  should: %s == true
