#nameservers
  %s %CLASS{array}
  %s %SIZE{3}
  %s[0] %CLASS{nameserver}
  %s[0].name == "ns3.register.be"
  %s[0].ipv4 == "91.121.5.186"
  %s[1] %CLASS{nameserver}
  %s[1].name == "ns1.register.be"
  %s[1].ipv4 == "80.169.63.207"
  %s[2] %CLASS{nameserver}
  %s[2].name == "ns2.register.be"
  %s[2].ipv4 == "217.21.176.34"
