#status
  %s == ["ok"]

#available?
  %s == false

#registered?
  %s == true


#created_on
  %s %CLASS{time}
  %s %TIME{1999-06-07 13:01:43}

#updated_on
  %s %CLASS{time}
  %s %TIME{2012-11-28 03:16:59}

#expires_on
  %s %ERROR{AttributeNotSupported}


#nameservers
  %s %CLASS{array}
  %s %SIZE{2}
  %s[0] %CLASS{nameserver}
  %s[0].name == "ns1.google.com"
  %s[1] %CLASS{nameserver}
  %s[1].name == "ns2.google.com"
