#status
  %s == :redemption

#available?
  %s be_falsey

#registered?
  %s be_truthy


#created_on
  %s == nil

#updated_on
  %s == nil

#expires_on
  %s %ERROR{AttributeNotSupported}


#nameservers
  %s %CLASS{array}
  %s == []



#response_throttled?
  %s be_falsey

#response_unavailable?
  %s be_falsey
