#domain
  %s == "google.cd"

#domain_id
  %s == "5758-CD"


#status
  %s == :registered

#available?
  %s be_falsey

#registered?
  %s be_truthy


#created_on
  %s == nil

#updated_on
  %s == nil

#expires_on
  %s == nil


#registrar
  %s %CLASS{registrar}
  %s.id           == nil
  %s.name         == "MARKMONITOR"
  %s.organization == nil
  %s.url          == nil


#nameservers
  %s %CLASS{array}
  %s.size eq(0)
