#status
  %s == :registered

#available?
  %s == false

#registered?
  %s == true


#created_on
  %s %TIME{2000-11-01}

#updated_on
  %s == nil

#expires_on
  %s %TIME{2006-04-18}


#registrant_contacts
  %s %CLASS{array}
  %s == []

#admin_contacts
  %s %CLASS{array}
  %s == []

#technical_contacts
  %s %CLASS{array}
  %s == []

#registrar
  %s %CLASS{registrar}
  %s.name == "CoreRegistry"
