#status
  %s == :available

#available?
  %s == true

#registered?
  %s == false


#created_on
  %s raise_error(Whois::AttributeNotSupported)

#updated_on
  %s raise_error(Whois::AttributeNotSupported)

#expires_on
  %s raise_error(Whois::AttributeNotSupported)


#nameservers
  %s CLASS(array)
  %s == []
