#nameservers
  %s %CLASS{array}
  %s %SIZE{3}
  %s[0] %CLASS{nameserver}
  %s[0].name == "ns1.nic.fr"
  %s[0].ipv4 == "192.93.0.1"
  %s[0].ipv6 == "2001:660:3005:1::1:1"
  %s[1] %CLASS{nameserver}
  %s[1].name == "ns2.nic.fr"
  %s[1].ipv4 == "192.93.0.4"
  %s[1].ipv6 == "2001:660:3005:1::1:2"
  %s[2] %CLASS{nameserver}
  %s[2].name == "ns3.nic.fr"
  %s[2].ipv4 == "192.134.0.49"
  %s[2].ipv6 == "2001:660:3006:1::1:1"
