#domain
  %s == "google.bo"

#domain_id
  %s raise_error(Whois::AttributeNotSupported)


#status
  %s == :registered

#available?
  %s == false

#registered?
  %s == true


#created_on
  %s CLASS(time)
  %s == Time.parse("2006-08-22")

#updated_on
  %s raise_error(Whois::AttributeNotSupported)

#expires_on
  %s CLASS(time)
  %s == Time.parse("2013-08-22")


#nameservers
  %s raise_error(Whois::AttributeNotSupported)
